Will run tensorflow on 0,1,2,3,4,5,6,7
                                                                                                                                                
================
== TensorFlow ==
================

NVIDIA Release 18.07 (build 552349)

Container image Copyright (c) 2018, NVIDIA CORPORATION.  All rights reserved.
Copyright 2017 The TensorFlow Authors.  All rights reserved.

Various files include modifications (c) NVIDIA CORPORATION.  All rights reserved.
NVIDIA modifications are covered by the license terms that apply to the underlying project or file.

----------------- Options ---------------
                  augment: 0                             
              augment_dir:                               
               batch_size: 1                             
         beat_subdivision: 16                            
                    beta1: 0.5                           
                     bias: True                          
                   blocks: 3                             	[default: 4]
          checkpoints_dir:                               
             chunk_length: 9000                          
            compute_feats: False                         
           continue_train: False                         
                 data_dir: ../AugData                    	[default: /Users/andreachatrian/Documents/Repositories/oxai/beatsaber/DataE]
             dataset_name: general_reduced_states_look_ahead	[default: song]
        dilation_channels: 512                           	[default: 32]
             display_freq: 100                           
            do_validation: False                         
             end_channels: 512                           	[default: 256]
       entropy_loss_coeff: 0.3                           	[default: 0.1]
              epoch_count: 1                             
                     eval: False                         
          experiment_name: chroma_features_likelihood_exp2	[default: experiment_name]
           fork_processes: False                         
                  gpu_ids: 0,1,2,3,4,5,6,7               	[default: -1]
               hop_length: 256                           
                init_gain: 0.02                          
                init_type: normal                        
           input_channels: 2385                          
                 is_train: True                          	[default: None]
              kernel_size: 2                             
                   layers: 7                             	[default: 10]
            learning_rate: 0.0001                        
   learning_rate_patience: 50                            
               level_diff: Expert                        
                     load: False                         
               load_epoch: latest                        
                load_iter: 0                             
              loss_weight: None                          
                       lr: 0.0002                        
           lr_decay_iters: 50                            
                lr_policy: lambda                        
                    model: wavenet                       
                   nepoch: 500                           	[default: 100]
             nepoch_decay: 500                           	[default: 100]
                  no_html: False                         
              num_classes: 2001                          
              num_filters: 15                            
              num_windows: 10                            	[default: 16]
          output_channels: 1                             
            output_length: 32                            	[default: 1]
            padded_length: 3000000                       
                    phase: train                         
               print_freq: 10                            	[default: 100]
        residual_channels: 256                           	[default: 32]
            sampling_rate: 16000                         
             save_by_iter: True                          	[default: False]
          save_epoch_freq: 50                            
         save_latest_freq: 1000                          	[default: 5000]
            skip_channels: 256                           
                     task: base                          
              time_shifts: 16                            
         update_html_freq: 100                           
           val_batch_size: 1                             
           val_epoch_freq: 10                            
                  verbose: False                         
             weight_decay: 0.0005                        
                  workers: 8                             	[default: 4]
----------------- End -------------------
model [WaveNet] was created
initialize network with normal
---------- Networks initialized -------------
[Network ] Total number of parameters : 18.316 M
-----------------------------------------------
Receptive field is 382 time points
Receptive field is 23.875 beats
Traceback (most recent call last):
  File "/home_directory/beatsaber/base/data/general_reduced_states_look_ahead_dataset.py", line 33, in __init__
    features = np.load(features_file)
  File "/home_directory/.local/lib/python3.5/site-packages/numpy/lib/npyio.py", line 384, in load
    fid = open(file, "rb")
FileNotFoundError: [Errno 2] No such file or directory: '../AugData/100)Victorious -/Victorious/song.ogg-up90.ogg_chroma_24.npy'

During handling of the above exception, another exception occurred:

Traceback (most recent call last):
  File "train.py", line 59, in <module>
    train_dataset = create_dataset(opt, receptive_field=receptive_field)
  File "/home_directory/beatsaber/base/data/__init__.py", line 51, in create_dataset
    instance = dataset(opt,*args,**kwargs)
  File "/home_directory/beatsaber/base/data/general_reduced_states_look_ahead_dataset.py", line 46, in __init__
    raise Exception("An unprocessed song found; need to run preprocessing script process_songs.py before starting to train with them")
Exception: An unprocessed song found; need to run preprocessing script process_songs.py before starting to train with them
